******************************************************************************
            TI ARM Clang Linker PC v4.0.3                      
******************************************************************************
>> Linked Mon Oct 27 15:04:58 2025

OUTPUT FILE NAME:   <TCU.out>
ENTRY POINT SYMBOL: "_c_int00_noargs"  address: 00000651


MEMORY CONFIGURATION

         name            origin    length      used     unused   attr    fill
----------------------  --------  ---------  --------  --------  ----  --------
  FLASH                 00000000   00020000  000007f0  0001f810  R  X
  SRAM                  20200000   00008000  00000204  00007dfc  RW X
  BCR_CONFIG            41c00000   000000ff  00000000  000000ff  R   
  BSL_CONFIG            41c00100   00000080  00000000  00000080  R   


SEGMENT ALLOCATION MAP

run origin  load origin   length   init length attrs members
----------  ----------- ---------- ----------- ----- -------
00000000    00000000    000007f0   000007f0    r-x
  00000000    00000000    000000c0   000000c0    r-- .intvecs
  000000c0    000000c0    000006c0   000006c0    r-x .text
  00000780    00000780    00000058   00000058    r-- .rodata
  000007d8    000007d8    00000018   00000018    r-- .cinit
20200000    20200000    00000004   00000000    rw-
  20200000    20200000    00000004   00000000    rw- .data
20207e00    20207e00    00000200   00000000    rw-
  20207e00    20207e00    00000200   00000000    rw- .stack


SECTION ALLOCATION MAP

 output                                  attributes/
section   page    origin      length       input sections
--------  ----  ----------  ----------   ----------------
.intvecs   0    00000000    000000c0     
                  00000000    000000c0     startup_mspm0g350x_ticlang.o (.intvecs)

.text      0    000000c0    000006c0     
                  000000c0    000000fc     driverlib.a : dl_timer.o (.text.DL_Timer_initTimerMode)
                  000001bc    0000009a     libc.a : memcpy16.S.obj (.text:memcpy)
                  00000256    00000002     startup_mspm0g350x_ticlang.o (.text.Default_Handler)
                  00000258    0000007c     libc.a : copy_decompress_lzss.c.obj (.text:decompress:lzss)
                  000002d4    00000060     ti_msp_dl_config.o (.text.SYSCFG_DL_UART_0_init)
                  00000334    00000054     app_tasks.o (.text.App_Task_Loop)
                  00000388    00000054     ti_msp_dl_config.o (.text.SYSCFG_DL_GPIO_init)
                  000003dc    00000054     ti_msp_dl_config.o (.text.SYSCFG_DL_initPower)
                  00000430    0000004c     ti_msp_dl_config.o (.text.SYSCFG_DL_SPI_0_init)
                  0000047c    00000048     driverlib.a : dl_uart.o (.text.DL_UART_init)
                  000004c4    00000044                 : dl_spi.o (.text.DL_SPI_init)
                  00000508    00000040     ti_msp_dl_config.o (.text.SYSCFG_DL_SYSCTL_init)
                  00000548    00000040     uart_driver.o (.text.UART_SendString)
                  00000588    0000003c     libc.a : autoinit.c.obj (.text:__TI_auto_init_nobinit_nopinit)
                  000005c4    00000030     driverlib.a : dl_uart.o (.text.DL_UART_transmitDataBlocking)
                  000005f4    00000030     ti_msp_dl_config.o (.text.SYSCFG_DL_I2C_0_init)
                  00000624    0000002c     ti_msp_dl_config.o (.text.SYSCFG_DL_TIMER_0_init)
                  00000650    00000028     libc.a : boot_cortex_m.c.obj (.text:_c_int00_noargs)
                  00000678    00000026     driverlib.a : dl_i2c.o (.text.DL_I2C_setClockConfig)
                  0000069e    00000002     --HOLE-- [fill = 0]
                  000006a0    00000024     main.o (.text.main)
                  000006c4    00000020     system_init.o (.text.System_Init)
                  000006e4    0000001c     driverlib.a : dl_timer.o (.text.DL_Timer_setClockConfig)
                  00000700    00000014     gpio_driver.o (.text.GPIO_SetLED)
                  00000714    00000012     driverlib.a : dl_spi.o (.text.DL_SPI_setClockConfig)
                  00000726    00000012                 : dl_uart.o (.text.DL_UART_setClockConfig)
                  00000738    00000012     libc.a : copy_decompress_none.c.obj (.text:decompress:none)
                  0000074a    0000000a     driverlib.a : dl_common.o (.text.DL_Common_delayCycles)
                  00000754    00000008     gpio_driver.o (.text.GPIO_Init)
                  0000075c    00000008     uart_driver.o (.text.UART_Init)
                  00000764    00000008     libclang_rt.builtins.a : aeabi_memcpy.S.obj (.text.__aeabi_memcpy)
                  0000076c    00000006     libc.a : exit.c.obj (.text:abort)
                  00000772    00000004     libsysbm.a : hostexit.c.obj (.text.HOSTexit)
                  00000776    00000004     startup_mspm0g350x_ticlang.o (.text.Reset_Handler)
                  0000077a    00000004     libc.a : pre_init.c.obj (.text._system_pre_init)
                  0000077e    00000002     --HOLE-- [fill = 0]

.cinit     0    000007d8    00000018     
                  000007d8    00000008     (__TI_handler_table)
                  000007e0    00000007     (.cinit..data.load) [load image, compression = lzss]
                  000007e7    00000001     --HOLE-- [fill = 0]
                  000007e8    00000008     (__TI_cinit_table)

.rodata    0    00000780    00000058     
                  00000780    00000015     main.o (.rodata.str1.15159059442110792349.1)
                  00000795    00000003     ti_msp_dl_config.o (.rodata.gTIMER_0ClockConfig)
                  00000798    00000014     ti_msp_dl_config.o (.rodata.gTIMER_0TimerConfig)
                  000007ac    0000000e     app_tasks.o (.rodata.str1.8494337133849666820.1)
                  000007ba    0000000a     ti_msp_dl_config.o (.rodata.gSPI_0_config)
                  000007c4    0000000a     ti_msp_dl_config.o (.rodata.gUART_0Config)
                  000007ce    00000002     ti_msp_dl_config.o (.rodata.gI2C_0ClockConfig)
                  000007d0    00000002     ti_msp_dl_config.o (.rodata.gSPI_0_clockConfig)
                  000007d2    00000002     ti_msp_dl_config.o (.rodata.gUART_0ClockConfig)
                  000007d4    00000004     --HOLE-- [fill = 0]

.init_array 
*          0    00000000    00000000     UNINITIALIZED

.binit     0    00000000    00000000     

.data      0    20200000    00000004     UNINITIALIZED
                  20200000    00000004     app_tasks.o (.data.App_Task_Loop.ledState)

.stack     0    20207e00    00000200     UNINITIALIZED
                  20207e00    00000004     libc.a : boot_cortex_m.c.obj (.stack)
                  20207e04    000001fc     --HOLE--

__llvm_prf_cnts 
*          0    20200000    00000000     UNINITIALIZED

__llvm_prf_bits 
*          0    20200000    00000000     UNINITIALIZED

MODULE SUMMARY

       Module                         code   ro data   rw data
       ------                         ----   -------   -------
    .\
       ti_msp_dl_config.o             496    49        0      
       startup_mspm0g350x_ticlang.o   6      192       0      
    +--+------------------------------+------+---------+---------+
       Total:                         502    241       0      
                                                              
    .\core\
       app_tasks.o                    84     14        4      
       main.o                         36     21        0      
       system_init.o                  32     0         0      
    +--+------------------------------+------+---------+---------+
       Total:                         152    35        4      
                                                              
    .\drivers\
       uart_driver.o                  72     0         0      
       gpio_driver.o                  28     0         0      
    +--+------------------------------+------+---------+---------+
       Total:                         100    0         0      
                                                              
    C:/ti/mspm0_sdk_2_06_00_05/source/ti/driverlib/lib/ticlang/m0p/mspm0g1x0x_g3x0x/driverlib.a
       dl_timer.o                     280    0         0      
       dl_uart.o                      138    0         0      
       dl_spi.o                       86     0         0      
       dl_i2c.o                       38     0         0      
       dl_common.o                    10     0         0      
    +--+------------------------------+------+---------+---------+
       Total:                         552    0         0      
                                                              
    C:\ti\ccs2030\ccs\tools\compiler\ti-cgt-armllvm_4.0.3.LTS\lib\armv6m-ti-none-eabi/c/libc.a
       memcpy16.S.obj                 154    0         0      
       copy_decompress_lzss.c.obj     124    0         0      
       autoinit.c.obj                 60     0         0      
       boot_cortex_m.c.obj            40     0         0      
       copy_decompress_none.c.obj     18     0         0      
       exit.c.obj                     6      0         0      
       pre_init.c.obj                 4      0         0      
    +--+------------------------------+------+---------+---------+
       Total:                         406    0         0      
                                                              
    C:\ti\ccs2030\ccs\tools\compiler\ti-cgt-armllvm_4.0.3.LTS\lib\armv6m-ti-none-eabi/c/libsysbm.a
       hostexit.c.obj                 4      0         0      
    +--+------------------------------+------+---------+---------+
       Total:                         4      0         0      
                                                              
    C:\ti\ccs2030\ccs\tools\compiler\ti-cgt-armllvm_4.0.3.LTS\lib\armv6m-ti-none-eabi/libclang_rt.builtins.a
       aeabi_memcpy.S.obj             8      0         0      
    +--+------------------------------+------+---------+---------+
       Total:                         8      0         0      
                                                              
       Stack:                         0      0         512    
       Linker Generated:              0      23        0      
    +--+------------------------------+------+---------+---------+
       Grand Total:                   1724   299       516    


LINKER GENERATED COPY TABLES

__TI_cinit_table @ 000007e8 records: 1, size/record: 8, table size: 8
	.data: load addr=000007e0, load size=00000007 bytes, run addr=20200000, run size=00000004 bytes, compression=lzss


LINKER GENERATED HANDLER TABLE

__TI_handler_table @ 000007d8 records: 2, size/record: 4, table size: 8
	index: 0, handler: __TI_decompress_lzss
	index: 1, handler: __TI_decompress_none


GLOBAL SYMBOLS: SORTED ALPHABETICALLY BY Name 

address   name                          
-------   ----                          
00000257  ADC0_IRQHandler               
00000257  ADC1_IRQHandler               
00000257  AES_IRQHandler                
00000335  App_Task_Loop                 
00000772  C$$EXIT                       
00000257  CANFD0_IRQHandler             
00000257  DAC0_IRQHandler               
0000074b  DL_Common_delayCycles         
00000679  DL_I2C_setClockConfig         
000004c5  DL_SPI_init                   
00000715  DL_SPI_setClockConfig         
000000c1  DL_Timer_initTimerMode        
000006e5  DL_Timer_setClockConfig       
0000047d  DL_UART_init                  
00000727  DL_UART_setClockConfig        
000005c5  DL_UART_transmitDataBlocking  
00000257  DMA_IRQHandler                
00000257  Default_Handler               
00000755  GPIO_Init                     
00000701  GPIO_SetLED                   
00000257  GROUP0_IRQHandler             
00000257  GROUP1_IRQHandler             
00000773  HOSTexit                      
00000257  HardFault_Handler             
00000257  I2C0_IRQHandler               
00000257  I2C1_IRQHandler               
00000257  NMI_Handler                   
00000257  PendSV_Handler                
00000257  RTC_IRQHandler                
00000777  Reset_Handler                 
00000257  SPI0_IRQHandler               
00000257  SPI1_IRQHandler               
00000257  SVC_Handler                   
00000389  SYSCFG_DL_GPIO_init           
000005f5  SYSCFG_DL_I2C_0_init          
00000431  SYSCFG_DL_SPI_0_init          
00000509  SYSCFG_DL_SYSCTL_init         
00000625  SYSCFG_DL_TIMER_0_init        
000002d5  SYSCFG_DL_UART_0_init         
000003dd  SYSCFG_DL_initPower           
00000257  SysTick_Handler               
000006c5  System_Init                   
00000257  TIMA0_IRQHandler              
00000257  TIMA1_IRQHandler              
00000257  TIMG0_IRQHandler              
00000257  TIMG12_IRQHandler             
00000257  TIMG6_IRQHandler              
00000257  TIMG7_IRQHandler              
00000257  TIMG8_IRQHandler              
00000257  UART0_IRQHandler              
00000257  UART1_IRQHandler              
00000257  UART2_IRQHandler              
00000257  UART3_IRQHandler              
0000075d  UART_Init                     
00000549  UART_SendString               
20208000  __STACK_END                   
00000200  __STACK_SIZE                  
00000000  __TI_ATRegion0_region_sz      
00000000  __TI_ATRegion0_src_addr       
00000000  __TI_ATRegion0_trg_addr       
00000000  __TI_ATRegion1_region_sz      
00000000  __TI_ATRegion1_src_addr       
00000000  __TI_ATRegion1_trg_addr       
00000000  __TI_ATRegion2_region_sz      
00000000  __TI_ATRegion2_src_addr       
00000000  __TI_ATRegion2_trg_addr       
000007e8  __TI_CINIT_Base               
000007f0  __TI_CINIT_Limit              
000007f0  __TI_CINIT_Warm               
000007d8  __TI_Handler_Table_Base       
000007e0  __TI_Handler_Table_Limit      
00000589  __TI_auto_init_nobinit_nopinit
00000259  __TI_decompress_lzss          
00000739  __TI_decompress_none          
ffffffff  __TI_pprof_out_hndl           
ffffffff  __TI_prof_data_size           
ffffffff  __TI_prof_data_start          
00000000  __TI_static_base__            
00000765  __aeabi_memcpy                
00000765  __aeabi_memcpy4               
00000765  __aeabi_memcpy8               
ffffffff  __binit__                     
UNDEFED   __mpu_init                    
20207e00  __stack                       
20200000  __start___llvm_prf_bits       
20200000  __start___llvm_prf_cnts       
20200000  __stop___llvm_prf_bits        
20200000  __stop___llvm_prf_cnts        
00000651  _c_int00_noargs               
UNDEFED   _system_post_cinit            
0000077b  _system_pre_init              
0000076d  abort                         
ffffffff  binit                         
00000000  interruptVectors              
000006a1  main                          
000001bd  memcpy                        


GLOBAL SYMBOLS: SORTED BY Symbol Address 

address   name                          
-------   ----                          
00000000  __TI_ATRegion0_region_sz      
00000000  __TI_ATRegion0_src_addr       
00000000  __TI_ATRegion0_trg_addr       
00000000  __TI_ATRegion1_region_sz      
00000000  __TI_ATRegion1_src_addr       
00000000  __TI_ATRegion1_trg_addr       
00000000  __TI_ATRegion2_region_sz      
00000000  __TI_ATRegion2_src_addr       
00000000  __TI_ATRegion2_trg_addr       
00000000  __TI_static_base__            
00000000  interruptVectors              
000000c1  DL_Timer_initTimerMode        
000001bd  memcpy                        
00000200  __STACK_SIZE                  
00000257  ADC0_IRQHandler               
00000257  ADC1_IRQHandler               
00000257  AES_IRQHandler                
00000257  CANFD0_IRQHandler             
00000257  DAC0_IRQHandler               
00000257  DMA_IRQHandler                
00000257  Default_Handler               
00000257  GROUP0_IRQHandler             
00000257  GROUP1_IRQHandler             
00000257  HardFault_Handler             
00000257  I2C0_IRQHandler               
00000257  I2C1_IRQHandler               
00000257  NMI_Handler                   
00000257  PendSV_Handler                
00000257  RTC_IRQHandler                
00000257  SPI0_IRQHandler               
00000257  SPI1_IRQHandler               
00000257  SVC_Handler                   
00000257  SysTick_Handler               
00000257  TIMA0_IRQHandler              
00000257  TIMA1_IRQHandler              
00000257  TIMG0_IRQHandler              
00000257  TIMG12_IRQHandler             
00000257  TIMG6_IRQHandler              
00000257  TIMG7_IRQHandler              
00000257  TIMG8_IRQHandler              
00000257  UART0_IRQHandler              
00000257  UART1_IRQHandler              
00000257  UART2_IRQHandler              
00000257  UART3_IRQHandler              
00000259  __TI_decompress_lzss          
000002d5  SYSCFG_DL_UART_0_init         
00000335  App_Task_Loop                 
00000389  SYSCFG_DL_GPIO_init           
000003dd  SYSCFG_DL_initPower           
00000431  SYSCFG_DL_SPI_0_init          
0000047d  DL_UART_init                  
000004c5  DL_SPI_init                   
00000509  SYSCFG_DL_SYSCTL_init         
00000549  UART_SendString               
00000589  __TI_auto_init_nobinit_nopinit
000005c5  DL_UART_transmitDataBlocking  
000005f5  SYSCFG_DL_I2C_0_init          
00000625  SYSCFG_DL_TIMER_0_init        
00000651  _c_int00_noargs               
00000679  DL_I2C_setClockConfig         
000006a1  main                          
000006c5  System_Init                   
000006e5  DL_Timer_setClockConfig       
00000701  GPIO_SetLED                   
00000715  DL_SPI_setClockConfig         
00000727  DL_UART_setClockConfig        
00000739  __TI_decompress_none          
0000074b  DL_Common_delayCycles         
00000755  GPIO_Init                     
0000075d  UART_Init                     
00000765  __aeabi_memcpy                
00000765  __aeabi_memcpy4               
00000765  __aeabi_memcpy8               
0000076d  abort                         
00000772  C$$EXIT                       
00000773  HOSTexit                      
00000777  Reset_Handler                 
0000077b  _system_pre_init              
000007d8  __TI_Handler_Table_Base       
000007e0  __TI_Handler_Table_Limit      
000007e8  __TI_CINIT_Base               
000007f0  __TI_CINIT_Limit              
000007f0  __TI_CINIT_Warm               
20200000  __start___llvm_prf_bits       
20200000  __start___llvm_prf_cnts       
20200000  __stop___llvm_prf_bits        
20200000  __stop___llvm_prf_cnts        
20207e00  __stack                       
20208000  __STACK_END                   
ffffffff  __TI_pprof_out_hndl           
ffffffff  __TI_prof_data_size           
ffffffff  __TI_prof_data_start          
ffffffff  __binit__                     
ffffffff  binit                         
UNDEFED   __mpu_init                    
UNDEFED   _system_post_cinit            

[96 symbols]
